ðŸŒŸ This was machine generated.  Do not edit. ðŸŒŸ

Frame[0] {
    "type": "directory-listing",
    "pathSeparator": "/"
}
Name: 
Dimensions: 2 Fields by 9 Rows
+---------------------------------+------------------+
| Name: name                      | Name: media-type |
| Labels:                         | Labels:          |
| Type: []string                  | Type: []string   |
+---------------------------------+------------------+
| actions                         | directory        |
| fileinfo.go                     |                  |
| fileinfo_test.go                |                  |
| frame_sorter.go                 |                  |
| frame_sorter_test.go            |                  |
| golden_response_checker.go      |                  |
| golden_response_checker_test.go |                  |
| rest_client.go                  |                  |
| testdata                        | directory        |
+---------------------------------+------------------+


====== TEST DATA RESPONSE (arrow base64) ======
FRAME=QVJST1cxAAD/////uAEAABAAAAAAAAoADgAMAAsABAAKAAAAFAAAAAAAAAEDAAoADAAAAAgABAAKAAAACAAAAKQAAAADAAAATAAAACgAAAAEAAAA0P7//wgAAAAMAAAAAAAAAAAAAAAFAAAAcmVmSWQAAADw/v//CAAAAAwAAAAAAAAAAAAAAAQAAABuYW1lAAAAABD///8IAAAAPAAAADAAAAB7InR5cGUiOiJkaXJlY3RvcnktbGlzdGluZyIsInBhdGhTZXBhcmF0b3IiOiIvIn0AAAAABAAAAG1ldGEAAAAAAgAAAHwAAAAEAAAAnv///xQAAABAAAAAQAAAAAAAAAU8AAAAAQAAAAQAAACM////CAAAABQAAAAKAAAAbWVkaWEtdHlwZQAABAAAAG5hbWUAAAAAAAAAAIj///8KAAAAbWVkaWEtdHlwZQAAAAASABgAFAAAABMADAAAAAgABAASAAAAFAAAAEQAAABIAAAAAAAABUQAAAABAAAADAAAAAgADAAIAAQACAAAAAgAAAAQAAAABAAAAG5hbWUAAAAABAAAAG5hbWUAAAAAAAAAAAQABAAEAAAABAAAAG5hbWUAAAAA/////9gAAAAUAAAAAAAAAAwAFgAUABMADAAEAAwAAAAAAQAAAAAAABQAAAAAAAADAwAKABgADAAIAAQACgAAABQAAAB4AAAACQAAAAAAAAAAAAAABgAAAAAAAAAAAAAAAAAAAAAAAAAAAAAAAAAAACgAAAAAAAAAKAAAAAAAAACYAAAAAAAAAMAAAAAAAAAAAAAAAAAAAADAAAAAAAAAACgAAAAAAAAA6AAAAAAAAAAYAAAAAAAAAAAAAAACAAAACQAAAAAAAAAAAAAAAAAAAAkAAAAAAAAAAAAAAAAAAAAAAAAABwAAABIAAAAiAAAAMQAAAEUAAABfAAAAfgAAAIwAAACUAAAAYWN0aW9uc2ZpbGVpbmZvLmdvZmlsZWluZm9fdGVzdC5nb2ZyYW1lX3NvcnRlci5nb2ZyYW1lX3NvcnRlcl90ZXN0LmdvZ29sZGVuX3Jlc3BvbnNlX2NoZWNrZXIuZ29nb2xkZW5fcmVzcG9uc2VfY2hlY2tlcl90ZXN0LmdvcmVzdF9jbGllbnQuZ290ZXN0ZGF0YQAAAAAAAAAACQAAAAkAAAAJAAAACQAAAAkAAAAJAAAACQAAAAkAAAASAAAAZGlyZWN0b3J5ZGlyZWN0b3J5AAAAAAAAEAAAAAwAFAASAAwACAAEAAwAAAAQAAAALAAAADwAAAAAAAMAAQAAAMgBAAAAAAAA4AAAAAAAAAAAAQAAAAAAAAAAAAAAAAAAAAAAAAAACgAMAAAACAAEAAoAAAAIAAAApAAAAAMAAABMAAAAKAAAAAQAAADQ/v//CAAAAAwAAAAAAAAAAAAAAAUAAAByZWZJZAAAAPD+//8IAAAADAAAAAAAAAAAAAAABAAAAG5hbWUAAAAAEP///wgAAAA8AAAAMAAAAHsidHlwZSI6ImRpcmVjdG9yeS1saXN0aW5nIiwicGF0aFNlcGFyYXRvciI6Ii8ifQAAAAAEAAAAbWV0YQAAAAACAAAAfAAAAAQAAACe////FAAAAEAAAABAAAAAAAAABTwAAAABAAAABAAAAIz///8IAAAAFAAAAAoAAABtZWRpYS10eXBlAAAEAAAAbmFtZQAAAAAAAAAAiP///woAAABtZWRpYS10eXBlAAAAABIAGAAUAAAAEwAMAAAACAAEABIAAAAUAAAARAAAAEgAAAAAAAAFRAAAAAEAAAAMAAAACAAMAAgABAAIAAAACAAAABAAAAAEAAAAbmFtZQAAAAAEAAAAbmFtZQAAAAAAAAAABAAEAAQAAAAEAAAAbmFtZQAAAADoAQAAQVJST1cx
