ðŸŒŸ This file was machine generated.  Do not edit. ðŸŒŸ

Frame[0] {
    "notices": [
        {
            "text": "hello"
        }
    ],
    "executedQueryString": "SELECT * FROM X"
}
Name: Frame One
Dimensions: 1 Fields by 5 Rows
+----------------------+
| Name: Single float64 |
| Labels:              |
| Type: []float64      |
+----------------------+
| 8.26                 |
| 8.7                  |
| 14.82                |
| 10.07                |
| 8.52                 |
+----------------------+



Frame[1] 
Name: Frame Two
Dimensions: 1 Fields by 3 Rows
+---------------------+
| Name: single string |
| Labels: a=b         |
| Type: []string      |
+---------------------+
| a                   |
| b                   |
| c                   |
+---------------------+


====== TEST DATA RESPONSE (arrow base64) ======
FRAME=QVJST1cxAAD/////wAEAABAAAAAAAAoADgAMAAsABAAKAAAAFAAAAAAAAAEDAAoADAAAAAgABAAKAAAACAAAAMAAAAADAAAAVAAAACgAAAAEAAAA6P7//wgAAAAMAAAAAAAAAAAAAAAFAAAAcmVmSWQAAAAI////CAAAABQAAAAJAAAARnJhbWUgT25lAAAABAAAAG5hbWUAAAAAMP///wgAAABQAAAARgAAAHsibm90aWNlcyI6W3sidGV4dCI6ImhlbGxvIn1dLCJleGVjdXRlZFF1ZXJ5U3RyaW5nIjoiU0VMRUNUICogRlJPTSBYIn0AAAQAAABtZXRhAAAAAAEAAAAYAAAAAAASABgAFAAAABMADAAAAAgABAASAAAAFAAAAIAAAACIAAAAAAAAA4gAAAACAAAAPAAAAAQAAADU////CAAAABgAAAAOAAAAU2luZ2xlIGZsb2F0NjQAAAQAAABuYW1lAAAAAAgADAAIAAQACAAAAAgAAAAcAAAAEgAAAHsidW5pdCI6IlBlcmNlbnQifQAABgAAAGNvbmZpZwAAAAAAAAAABgAIAAYABgAAAAAAAgAOAAAAU2luZ2xlIGZsb2F0NjQAAAAAAAD/////iAAAABQAAAAAAAAADAAWABQAEwAMAAQADAAAACgAAAAAAAAAFAAAAAAAAAMDAAoAGAAMAAgABAAKAAAAFAAAADgAAAAFAAAAAAAAAAAAAAACAAAAAAAAAAAAAAAAAAAAAAAAAAAAAAAAAAAAKAAAAAAAAAAAAAAAAQAAAAUAAAAAAAAAAAAAAAAAAACF61G4HoUgQGZmZmZmZiFApHA9CtejLUCkcD0K1yMkQArXo3A9CiFAEAAAAAwAFAASAAwACAAEAAwAAAAQAAAALAAAADgAAAAAAAMAAQAAANABAAAAAAAAkAAAAAAAAAAoAAAAAAAAAAAAAAAAAAAAAAAKAAwAAAAIAAQACgAAAAgAAADAAAAAAwAAAFQAAAAoAAAABAAAAOj+//8IAAAADAAAAAAAAAAAAAAABQAAAHJlZklkAAAACP///wgAAAAUAAAACQAAAEZyYW1lIE9uZQAAAAQAAABuYW1lAAAAADD///8IAAAAUAAAAEYAAAB7Im5vdGljZXMiOlt7InRleHQiOiJoZWxsbyJ9XSwiZXhlY3V0ZWRRdWVyeVN0cmluZyI6IlNFTEVDVCAqIEZST00gWCJ9AAAEAAAAbWV0YQAAAAABAAAAGAAAAAAAEgAYABQAAAATAAwAAAAIAAQAEgAAABQAAACAAAAAiAAAAAAAAAOIAAAAAgAAADwAAAAEAAAA1P///wgAAAAYAAAADgAAAFNpbmdsZSBmbG9hdDY0AAAEAAAAbmFtZQAAAAAIAAwACAAEAAgAAAAIAAAAHAAAABIAAAB7InVuaXQiOiJQZXJjZW50In0AAAYAAABjb25maWcAAAAAAAAAAAYACAAGAAYAAAAAAAIADgAAAFNpbmdsZSBmbG9hdDY0AADoAQAAQVJST1cx
FRAME=QVJST1cxAAD/////gAEAABAAAAAAAAoADgAMAAsABAAKAAAAFAAAAAAAAAEDAAoADAAAAAgABAAKAAAACAAAAFgAAAACAAAAKAAAAAQAAAAg////CAAAAAwAAAAAAAAAAAAAAAUAAAByZWZJZAAAAED///8IAAAAFAAAAAkAAABGcmFtZSBUd28AAAAEAAAAbmFtZQAAAAABAAAAGAAAAAAAEgAYABQAAAATAAwAAAAIAAQAEgAAABQAAACwAAAAtAAAAAAAAAWwAAAAAwAAAGgAAAA0AAAABAAAAKz///8IAAAAGAAAAA0AAABzaW5nbGUgc3RyaW5nAAAABAAAAG5hbWUAAAAA2P///wgAAAAUAAAACQAAAHsiYSI6ImIifQAAAAYAAABsYWJlbHMAAAgADAAIAAQACAAAAAgAAAAgAAAAFQAAAHsiZGlzcGxheU5hbWUiOiIxMjMifQAAAAYAAABjb25maWcAAAAAAAAEAAQABAAAAA0AAABzaW5nbGUgc3RyaW5nAAAAAAAAAP////+YAAAAFAAAAAAAAAAMABYAFAATAAwABAAMAAAAGAAAAAAAAAAUAAAAAAAAAwMACgAYAAwACAAEAAoAAAAUAAAASAAAAAMAAAAAAAAAAAAAAAMAAAAAAAAAAAAAAAAAAAAAAAAAAAAAAAAAAAAQAAAAAAAAABAAAAAAAAAACAAAAAAAAAAAAAAAAQAAAAMAAAAAAAAAAAAAAAAAAAAAAAAAAQAAAAIAAAADAAAAYWJjAAAAAAAQAAAADAAUABIADAAIAAQADAAAABAAAAAsAAAAOAAAAAAAAwABAAAAkAEAAAAAAACgAAAAAAAAABgAAAAAAAAAAAAAAAAAAAAAAAoADAAAAAgABAAKAAAACAAAAFgAAAACAAAAKAAAAAQAAAAg////CAAAAAwAAAAAAAAAAAAAAAUAAAByZWZJZAAAAED///8IAAAAFAAAAAkAAABGcmFtZSBUd28AAAAEAAAAbmFtZQAAAAABAAAAGAAAAAAAEgAYABQAAAATAAwAAAAIAAQAEgAAABQAAACwAAAAtAAAAAAAAAWwAAAAAwAAAGgAAAA0AAAABAAAAKz///8IAAAAGAAAAA0AAABzaW5nbGUgc3RyaW5nAAAABAAAAG5hbWUAAAAA2P///wgAAAAUAAAACQAAAHsiYSI6ImIifQAAAAYAAABsYWJlbHMAAAgADAAIAAQACAAAAAgAAAAgAAAAFQAAAHsiZGlzcGxheU5hbWUiOiIxMjMifQAAAAYAAABjb25maWcAAAAAAAAEAAQABAAAAA0AAABzaW5nbGUgc3RyaW5nAAAAqAEAAEFSUk9XMQ==
