ðŸŒŸ This was machine generated.  Do not edit. ðŸŒŸ

Frame[0] {
    "custom": {
        "someValue": "value"
    }
}
Name: Frame One
Dimensions: 1 Fields by 5 Rows
+----------------------+
| Name: Single float64 |
| Labels:              |
| Type: []float64      |
+----------------------+
| 8.26                 |
| 8.7                  |
| 14.82                |
| 10.07                |
| 8.52                 |
+----------------------+



Frame[1] 
Name: Frame Two
Dimensions: 1 Fields by 3 Rows
+---------------------+
| Name: single string |
| Labels: a=b         |
| Type: []string      |
+---------------------+
| a                   |
| b                   |
| c                   |
+---------------------+


====== TEST DATA RESPONSE (arrow base64) ======
FRAME=QVJST1cxAAD/////mAEAABAAAAAAAAoADgAMAAsABAAKAAAAFAAAAAAAAAEDAAoADAAAAAgABAAKAAAACAAAAJwAAAADAAAAVAAAACgAAAAEAAAADP///wgAAAAMAAAAAAAAAAAAAAAFAAAAcmVmSWQAAAAs////CAAAABQAAAAJAAAARnJhbWUgT25lAAAABAAAAG5hbWUAAAAAVP///wgAAAAsAAAAIAAAAHsiY3VzdG9tIjp7InNvbWVWYWx1ZSI6InZhbHVlIn19AAAAAAQAAABtZXRhAAAAAAEAAAAYAAAAAAASABgAFAAAABMADAAAAAgABAASAAAAFAAAAIAAAACIAAAAAAAAA4gAAAACAAAAPAAAAAQAAADU////CAAAABgAAAAOAAAAU2luZ2xlIGZsb2F0NjQAAAQAAABuYW1lAAAAAAgADAAIAAQACAAAAAgAAAAcAAAAEgAAAHsidW5pdCI6IlBlcmNlbnQifQAABgAAAGNvbmZpZwAAAAAAAAAABgAIAAYABgAAAAAAAgAOAAAAU2luZ2xlIGZsb2F0NjQAAP////+IAAAAFAAAAAAAAAAMABYAFAATAAwABAAMAAAAKAAAAAAAAAAUAAAAAAAAAwMACgAYAAwACAAEAAoAAAAUAAAAOAAAAAUAAAAAAAAAAAAAAAIAAAAAAAAAAAAAAAAAAAAAAAAAAAAAAAAAAAAoAAAAAAAAAAAAAAABAAAABQAAAAAAAAAAAAAAAAAAAIXrUbgehSBAZmZmZmZmIUCkcD0K16MtQKRwPQrXIyRACtejcD0KIUAQAAAADAAUABIADAAIAAQADAAAABAAAAAsAAAAPAAAAAAAAwABAAAAqAEAAAAAAACQAAAAAAAAACgAAAAAAAAAAAAAAAAAAAAAAAAAAAAKAAwAAAAIAAQACgAAAAgAAACcAAAAAwAAAFQAAAAoAAAABAAAAAz///8IAAAADAAAAAAAAAAAAAAABQAAAHJlZklkAAAALP///wgAAAAUAAAACQAAAEZyYW1lIE9uZQAAAAQAAABuYW1lAAAAAFT///8IAAAALAAAACAAAAB7ImN1c3RvbSI6eyJzb21lVmFsdWUiOiJ2YWx1ZSJ9fQAAAAAEAAAAbWV0YQAAAAABAAAAGAAAAAAAEgAYABQAAAATAAwAAAAIAAQAEgAAABQAAACAAAAAiAAAAAAAAAOIAAAAAgAAADwAAAAEAAAA1P///wgAAAAYAAAADgAAAFNpbmdsZSBmbG9hdDY0AAAEAAAAbmFtZQAAAAAIAAwACAAEAAgAAAAIAAAAHAAAABIAAAB7InVuaXQiOiJQZXJjZW50In0AAAYAAABjb25maWcAAAAAAAAAAAYACAAGAAYAAAAAAAIADgAAAFNpbmdsZSBmbG9hdDY0AADIAQAAQVJST1cx
FRAME=QVJST1cxAAD/////gAEAABAAAAAAAAoADgAMAAsABAAKAAAAFAAAAAAAAAEDAAoADAAAAAgABAAKAAAACAAAAFgAAAACAAAAKAAAAAQAAAAg////CAAAAAwAAAAAAAAAAAAAAAUAAAByZWZJZAAAAED///8IAAAAFAAAAAkAAABGcmFtZSBUd28AAAAEAAAAbmFtZQAAAAABAAAAGAAAAAAAEgAYABQAAAATAAwAAAAIAAQAEgAAABQAAACwAAAAtAAAAAAAAAWwAAAAAwAAAGgAAAA0AAAABAAAAKz///8IAAAAGAAAAA0AAABzaW5nbGUgc3RyaW5nAAAABAAAAG5hbWUAAAAA2P///wgAAAAUAAAACQAAAHsiYSI6ImIifQAAAAYAAABsYWJlbHMAAAgADAAIAAQACAAAAAgAAAAgAAAAFQAAAHsiZGlzcGxheU5hbWUiOiIxMjMifQAAAAYAAABjb25maWcAAAAAAAAEAAQABAAAAA0AAABzaW5nbGUgc3RyaW5nAAAAAAAAAP////+YAAAAFAAAAAAAAAAMABYAFAATAAwABAAMAAAAGAAAAAAAAAAUAAAAAAAAAwMACgAYAAwACAAEAAoAAAAUAAAASAAAAAMAAAAAAAAAAAAAAAMAAAAAAAAAAAAAAAAAAAAAAAAAAAAAAAAAAAAQAAAAAAAAABAAAAAAAAAACAAAAAAAAAAAAAAAAQAAAAMAAAAAAAAAAAAAAAAAAAAAAAAAAQAAAAIAAAADAAAAYWJjAAAAAAAQAAAADAAUABIADAAIAAQADAAAABAAAAAsAAAAOAAAAAAAAwABAAAAkAEAAAAAAACgAAAAAAAAABgAAAAAAAAAAAAAAAAAAAAAAAoADAAAAAgABAAKAAAACAAAAFgAAAACAAAAKAAAAAQAAAAg////CAAAAAwAAAAAAAAAAAAAAAUAAAByZWZJZAAAAED///8IAAAAFAAAAAkAAABGcmFtZSBUd28AAAAEAAAAbmFtZQAAAAABAAAAGAAAAAAAEgAYABQAAAATAAwAAAAIAAQAEgAAABQAAACwAAAAtAAAAAAAAAWwAAAAAwAAAGgAAAA0AAAABAAAAKz///8IAAAAGAAAAA0AAABzaW5nbGUgc3RyaW5nAAAABAAAAG5hbWUAAAAA2P///wgAAAAUAAAACQAAAHsiYSI6ImIifQAAAAYAAABsYWJlbHMAAAgADAAIAAQACAAAAAgAAAAgAAAAFQAAAHsiZGlzcGxheU5hbWUiOiIxMjMifQAAAAYAAABjb25maWcAAAAAAAAEAAQABAAAAA0AAABzaW5nbGUgc3RyaW5nAAAAqAEAAEFSUk9XMQ==
